// Jest Snapshot v1, https://goo.gl/fbAQLP

exports[`Component PostPreview Should render as expected 1`] = `
<div>
  <section
    style="display: flex; flex-direction: column; gap: var(--spacing_2x);"
  >
    <div>
      <a
        href="/posts/1"
      >
        <h4>
          For whom the bell tolls?
           Â»
        </h4>
      </a>
    </div>
    <div>
      <small>
        Written by 
        John Doe
         at 
        18 June 2023 at 16:54
      </small>
    </div>
  </section>
</div>
`;
