// Jest Snapshot v1, https://goo.gl/fbAQLP

exports[`Component Posts Should render as expected 1`] = `
<div>
  Loading...
</div>
`;
