// Jest Snapshot v1, https://goo.gl/fbAQLP

exports[`Component Post Should render as expected 1`] = `
<div>
  <article>
    <section
      style="display: flex; flex-direction: column; gap: var(--spacing_4x);"
    >
      <div>
        <h1>
          For whom the bell tolls?
        </h1>
      </div>
      <div>
        <small
          class="lastModified"
        >
          20 June 2023 at 14:00
        </small>
      </div>
      <div>
        <p>
          For those who refuse to take action and cross the boundaries. For those who complaining instead of doing things. For them we shall fire the torch and spread the light.
        </p>
      </div>
    </section>
  </article>
</div>
`;
